[INFO] Scanning for projects...
[INFO] 
[INFO] ------------------------< com.jpmc:midas-core >-------------------------
[INFO] Building midas-core 1.0.0
[INFO] --------------------------------[ jar ]---------------------------------
[INFO] 
[INFO] --- maven-resources-plugin:3.3.1:resources (default-resources) @ midas-core ---
[INFO] skip non existing resourceDirectory C:\Users\balaj\OneDrive\Documents\JPmorganJS\forage-midas\src\main\resources
[INFO] skip non existing resourceDirectory C:\Users\balaj\OneDrive\Documents\JPmorganJS\forage-midas\src\main\resources
[INFO] 
[INFO] --- maven-compiler-plugin:3.11.0:compile (default-compile) @ midas-core ---
[INFO] Nothing to compile - all classes are up to date
[INFO] 
[INFO] --- maven-resources-plugin:3.3.1:testResources (default-testResources) @ midas-core ---
[INFO] Copying 5 resources from src\test\resources to target\test-classes
[INFO] 
[INFO] --- maven-compiler-plugin:3.11.0:testCompile (default-testCompile) @ midas-core ---
[INFO] Nothing to compile - all classes are up to date
[INFO] 
[INFO] --- maven-surefire-plugin:3.1.2:test (default-test) @ midas-core ---
[INFO] Using auto detected provider org.apache.maven.surefire.junitplatform.JUnitPlatformProvider
[INFO] 
[INFO] -------------------------------------------------------
[INFO]  T E S T S
[INFO] -------------------------------------------------------
[INFO] Running com.jpmc.midascore.TaskOneTests
14:00:25.649 [main] INFO org.springframework.test.context.support.AnnotationConfigContextLoaderUtils -- Could not detect default configuration classes for test class [com.jpmc.midascore.TaskOneTests]: TaskOneTests does not declare any static, non-private, non-final, nested classes annotated with @Configuration.
14:00:25.751 [main] INFO org.springframework.boot.test.context.SpringBootTestContextBootstrapper -- Found @SpringBootConfiguration com.jpmc.midascore.MidasCoreApplication for test class com.jpmc.midascore.TaskOneTests

  .   ____          _            __ _ _
 /\\ / ___'_ __ _ _(_)_ __  __ _ \ \ \ \
( ( )\___ | '_ | '_| | '_ \/ _` | \ \ \ \
 \\/  ___)| |_)| | | | | || (_| |  ) ) ) )
  '  |____| .__|_| |_|_| |_\__, | / / / /
 =========|_|==============|___/=/_/_/_/
 :: Spring Boot ::                (v3.2.5)

2026-03-04T14:00:26.189-05:00  INFO 2160 --- [           main] com.jpmc.midascore.TaskOneTests          : Starting TaskOneTests using Java 17.0.17 with PID 2160 (started by balaj in C:\Users\balaj\OneDrive\Documents\JPmorganJS\forage-midas)
2026-03-04T14:00:26.190-05:00  INFO 2160 --- [           main] com.jpmc.midascore.TaskOneTests          : No active profile set, falling back to 1 default profile: "default"
2026-03-04T14:00:26.762-05:00  INFO 2160 --- [           main] .s.d.r.c.RepositoryConfigurationDelegate : Bootstrapping Spring Data JPA repositories in DEFAULT mode.
2026-03-04T14:00:26.823-05:00  INFO 2160 --- [           main] .s.d.r.c.RepositoryConfigurationDelegate : Finished Spring Data repository scanning in 54 ms. Found 1 JPA repository interface.
2026-03-04T14:00:27.410-05:00  INFO 2160 --- [           main] com.zaxxer.hikari.HikariDataSource       : HikariPool-1 - Starting...
2026-03-04T14:00:27.582-05:00  INFO 2160 --- [           main] com.zaxxer.hikari.pool.HikariPool        : HikariPool-1 - Added connection conn0: url=jdbc:h2:mem:2ccd046d-239c-4354-8f42-e1097653a510 user=SA
2026-03-04T14:00:27.583-05:00  INFO 2160 --- [           main] com.zaxxer.hikari.HikariDataSource       : HikariPool-1 - Start completed.
2026-03-04T14:00:27.638-05:00  INFO 2160 --- [           main] o.hibernate.jpa.internal.util.LogHelper  : HHH000204: Processing PersistenceUnitInfo [name: default]
2026-03-04T14:00:27.691-05:00  INFO 2160 --- [           main] org.hibernate.Version                    : HHH000412: Hibernate ORM core version 6.4.4.Final
2026-03-04T14:00:27.727-05:00  INFO 2160 --- [           main] o.h.c.internal.RegionFactoryInitiator    : HHH000026: Second-level cache disabled
2026-03-04T14:00:27.942-05:00  INFO 2160 --- [           main] o.s.o.j.p.SpringPersistenceUnitInfo      : No LoadTimeWeaver setup: ignoring JPA class transformer
2026-03-04T14:00:28.796-05:00  INFO 2160 --- [           main] o.h.e.t.j.p.i.JtaPlatformInitiator       : HHH000489: No JTA platform available (set 'hibernate.transaction.jta.platform' to enable JTA platform integration)
2026-03-04T14:00:28.827-05:00  INFO 2160 --- [           main] j.LocalContainerEntityManagerFactoryBean : Initialized JPA EntityManagerFactory for persistence unit 'default'
2026-03-04T14:00:29.323-05:00  WARN 2160 --- [           main] JpaBaseConfiguration$JpaWebConfiguration : spring.jpa.open-in-view is enabled by default. Therefore, database queries may be performed during view rendering. Explicitly configure spring.jpa.open-in-view to disable this warning
2026-03-04T14:00:29.665-05:00  INFO 2160 --- [           main] com.jpmc.midascore.TaskOneTests          : Started TaskOneTests in 3.751 seconds (process running for 4.607)
2026-03-04T14:00:32.109-05:00  INFO 2160 --- [           main] com.jpmc.midascore.TaskOneTests          : ----------------------------------------------------------
2026-03-04T14:00:32.109-05:00  INFO 2160 --- [           main] com.jpmc.midascore.TaskOneTests          : ----------------------------------------------------------
2026-03-04T14:00:32.109-05:00  INFO 2160 --- [           main] com.jpmc.midascore.TaskOneTests          : ----------------------------------------------------------
2026-03-04T14:00:32.109-05:00  INFO 2160 --- [           main] com.jpmc.midascore.TaskOneTests          : Congrats! It looks like your application booted without issue
2026-03-04T14:00:32.109-05:00  INFO 2160 --- [           main] com.jpmc.midascore.TaskOneTests          : submit the following output to complete the task (include begin and end output denotations)
2026-03-04T14:00:32.109-05:00  INFO 2160 --- [           main] com.jpmc.midascore.TaskOneTests          : 
---begin output ---
1142725631254665682354316777216387420489
---end output ---
[INFO] Tests run: 1, Failures: 0, Errors: 0, Skipped: 0, Time elapsed: 6.560 s -- in com.jpmc.midascore.TaskOneTests
[INFO] 
[INFO] Results:
[INFO] 
[INFO] Tests run: 1, Failures: 0, Errors: 0, Skipped: 0
[INFO] 
[INFO] ------------------------------------------------------------------------
[INFO] BUILD SUCCESS
[INFO] ------------------------------------------------------------------------
[INFO] Total time:  8.590 s
[INFO] Finished at: 2026-03-04T14:00:32-05:00
[INFO] ------------------------------------------------------------------------
